
<DESCRIBE::>string hash

<IT::>short strings

<PASSED::>Test Passed

<PASSED::>Test Passed

<COMPLETEDIN::>0.077 ms

<IT::>failing compares

<FAILED::>Expected 431880812 , got 390772129 

<FAILED::>Expected 143064460 , got 431880812 

<COMPLETEDIN::>0.093 ms

<IT::>failing compares with custom messages
Actual: 'Hello World!', Expected: 'Hello Worlds!'
<FAILED::>Expected 431880812 , got 390772129 
Actual: 'Hello Worlds!', Expected: 'Hello Worlds! '
<FAILED::>Expected 143064460 , got 431880812 

<COMPLETEDIN::>0.167 ms

<COMPLETEDIN::>0.386 ms
