cell  stack balanced
float stack balanced
cell  stack unbalanced
float stack unbalanced

<DESCRIBE::>no underflow

<IT::>single test

<PASSED::>Test Passed

<COMPLETEDIN::>0.011 ms

<COMPLETEDIN::>0.018 ms
cell  stack balanced
float stack balanced

<DESCRIBE::>simple underflow

<IT::>single test

<FAILED::>Wrong number of cell results, expected 2 , got a 1 cell stack underflow

<COMPLETEDIN::>340282366920938463408036073281702013.249 ms

<COMPLETEDIN::>340251043038630353886697570352955599.173 ms
cell  stack unbalanced
float stack balanced

<DESCRIBE::>stack underflow

<IT::>single test

<FAILED::>Wrong number of cell results, expected 2 , got a 1 cell stack underflow

<COMPLETEDIN::>340282366920938463408036073281702013.271 ms

<IT::>double test

<FAILED::>Wrong number of cell results, expected 2 , got a 1 cell stack underflow

<FAILED::>Wrong number of cell results, expected 2 , got a 2 cell stack underflow

<COMPLETEDIN::>340282366920938463389589329207992461.674 ms

<IT::>double test

<FAILED::>Wrong number of cell results, expected 3 , got a 1 cell stack underflow

<FAILED::>Wrong number of cell results, expected 3 , got a 2 cell stack underflow

<COMPLETEDIN::>340282366920938463371142585134282910.078 ms

<IT::>double test

<FAILED::>Wrong number of cell results, expected 3 , got a 1 cell stack underflow

<FAILED::>Wrong number of cell results, expected 2 , got a 2 cell stack underflow

<COMPLETEDIN::>340282366920938463389589329207992461.714 ms

<COMPLETEDIN::>0.019 ms
cell  stack unbalanced
float stack balanced
