
<DESCRIBE::>group of tests

<IT::>single test

<FAILED::>Wrong number of cell  results, expected 1 , got 2 

<COMPLETEDIN::>0.015 ms

<IT::>double test

<FAILED::>Wrong number of cell  results, expected 1 , got 2 

<PASSED::>Test Passed

<COMPLETEDIN::>0.013 ms

<IT::>double fail test

<FAILED::>Wrong number of cell  results, expected 1 , got 2 

<FAILED::>Wrong number of cell  results, expected 3 , got 1 

<COMPLETEDIN::>0.014 ms

<COMPLETEDIN::>0.058 ms
