
<PASSED::>Test Passed

<FAILED::>Too many cell results to test

<FAILED::>Too many float results to test

<FAILED::>Too many cell results to test
<:LF:>Too many float results to test

<FAILED::>Too many cell results to test

<FAILED::>Too many float results to test

<FAILED::>Too many cell results to test
<:LF:>Too many float results to test

<FAILED::>Too many cell results to test

<FAILED::>Too many float results to test

<FAILED::>Too many expected cell results to test

<FAILED::>Too many expected float results to test

<FAILED::>Too many expected cell results to test
<:LF:>Too many expected float results to test
