cell  stack balanced
float stack balanced
cell  stack unbalanced
float stack unbalanced

<DESCRIBE::>no underflow

<IT::>single test

<PASSED::>Test Passed

<COMPLETEDIN::>0.012 ms

<COMPLETEDIN::>0.018 ms
cell  stack balanced
float stack balanced

<DESCRIBE::>simple underflow

<IT::>single test

<FAILED::>Wrong number of cell  results, expected 1 , got a 1 cell  stack underflow

<COMPLETEDIN::>0.008 ms

<COMPLETEDIN::>0.014 ms
cell  stack balanced
float stack balanced

<DESCRIBE::>stack underflow

<IT::>single test

<FAILED::>Wrong number of cell  results, expected 1 , got a 1 cell  stack underflow

<COMPLETEDIN::>0.008 ms

<IT::>double test

<FAILED::>Wrong number of cell  results, expected 1 , got a 1 cell  stack underflow

<FAILED::>Wrong number of cell  results, expected 1 , got a 2 cell  stack underflow

<COMPLETEDIN::>1698623934121.134 ms

<IT::>double test

<FAILED::>Wrong number of cell  results, expected 2 , got a 1 cell  stack underflow

<FAILED::>Wrong number of cell  results, expected 2 , got a 2 cell  stack underflow

<COMPLETEDIN::>1698623934121.154 ms

<IT::>double test

<FAILED::>Wrong number of cell  results, expected 2 , got a 1 cell  stack underflow

<FAILED::>Wrong number of cell  results, expected 1 , got a 2 cell  stack underflow

<COMPLETEDIN::>1698623934121.172 ms

<IT::>float test

<FAILED::>Wrong number of float results, expected 1 , got a 1 float stack underflow

<COMPLETEDIN::>0.009 ms

<IT::>double float test

<FAILED::>Wrong number of float results, expected 1 , got a 1 float stack underflow

<FAILED::>Wrong number of float results, expected 1 , got a 2 float stack underflow

<COMPLETEDIN::>0.014 ms

<IT::>double float test

<FAILED::>Wrong number of float results, expected 2 , got a 1 float stack underflow

<FAILED::>Wrong number of float results, expected 2 , got a 2 float stack underflow

<COMPLETEDIN::>0.016 ms

<IT::>double float test

<FAILED::>Wrong number of float results, expected 2 , got a 1 float stack underflow

<FAILED::>Wrong number of float results, expected 1 , got a 2 float stack underflow

<COMPLETEDIN::>0.015 ms

<COMPLETEDIN::>0.138 ms
cell  stack balanced
float stack balanced
