
<PASSED::>Test Passed

<PASSED::>Test Passed

<PASSED::>Test Passed

<PASSED::>Test Passed

<PASSED::>Test Passed

<FAILED::>Wrong number of results, expected 1 , got 2 

<FAILED::>Wrong number of float results, expected 1 , got 2 

<FAILED::>Wrong number of results, expected 2 , got 3 

<FAILED::>Wrong number of float results, expected 1 , got 2 

<FAILED::>Wrong number of results, expected 2 , got 3 

<FAILED::>Wrong number of float results, expected 1 , got 2 

<FAILED::>Wrong number of results, expected 3 , got 4 

<FAILED::>Wrong number of float results, expected 3 , got 4 

<FAILED::>Wrong number of results, expected 3 , got 4 

<FAILED::>Wrong number of float results, expected 3 , got 4 

<FAILED::>Wrong number of results, expected 1 , got 2 

<FAILED::>Wrong number of float results, expected 1 , got 2 

<FAILED::>Wrong number of results, expected 1 , got 2 

<FAILED::>Wrong number of float results, expected 1 , got 2 

<FAILED::>Wrong number of results, expected 1 , got 2 

<FAILED::>Wrong number of float results, expected 1 , got 2 
