
<DESCRIBE::>string hash

<IT::>short strings

<PASSED::>Test Passed

<PASSED::>Test Passed

<COMPLETEDIN::>0.081 ms

<IT::>failing compares

<FAILED::>Expected 1138466699 , got 297433350 

<FAILED::>Expected 1662069178 , got 1138466699 

<COMPLETEDIN::>0.118 ms

<IT::>failing compares with custom messages
Actual: 'Hello World!', Expected: 'Hello Worlds!'
<FAILED::>Expected 1138466699 , got 297433350 
Actual: 'Hello Worlds!', Expected: 'Hello Worlds! '
<FAILED::>Expected 1662069178 , got 1138466699 

<COMPLETEDIN::>0.151 ms

<COMPLETEDIN::>0.397 ms
